FENTRY name="kedr_test_calls_jumps2_jmp_short"
CALL_PRE pc=kedr_test_calls_jumps2_jmp_short+0x6 name="kedr_test_calls_jumps2_aux1"
FENTRY name="kedr_test_calls_jumps2_aux1"
FEXIT name="kedr_test_calls_jumps2_aux1"
CALL_POST pc=kedr_test_calls_jumps2_jmp_short+0x6 name="kedr_test_calls_jumps2_aux1"
FEXIT name="kedr_test_calls_jumps2_jmp_short"
