FENTRY name="kedr_test_calls_jumps2_indirect"
CALL_PRE pc=kedr_test_calls_jumps2_indirect+0xe7/0x138 [test_ir_transform] name="kedr_test_calls_jumps2_aux1"
FENTRY name="kedr_test_calls_jumps2_aux1"
FEXIT name="kedr_test_calls_jumps2_aux1"
CALL_POST pc=kedr_test_calls_jumps2_indirect+0xe7/0x138 [test_ir_transform] name="kedr_test_calls_jumps2_aux1"
CALL_PRE pc=kedr_test_calls_jumps2_indirect+0xf0/0x138 [test_ir_transform] name="kedr_test_calls_jumps2_aux1"
FENTRY name="kedr_test_calls_jumps2_aux1"
FEXIT name="kedr_test_calls_jumps2_aux1"
CALL_POST pc=kedr_test_calls_jumps2_indirect+0xf0/0x138 [test_ir_transform] name="kedr_test_calls_jumps2_aux1"
CALL_PRE pc=kedr_test_calls_jumps2_indirect+0xf8/0x138 [test_ir_transform] name="kedr_test_calls_jumps2_aux1"
FENTRY name="kedr_test_calls_jumps2_aux1"
FEXIT name="kedr_test_calls_jumps2_aux1"
CALL_POST pc=kedr_test_calls_jumps2_indirect+0xf8/0x138 [test_ir_transform] name="kedr_test_calls_jumps2_aux1"
CALL_PRE pc=kedr_test_calls_jumps2_indirect+0x131/0x138 [test_ir_transform] name="kedr_test_calls_jumps2_aux2"
FENTRY name="kedr_test_calls_jumps2_aux2"
FEXIT name="kedr_test_calls_jumps2_aux2"
CALL_POST pc=kedr_test_calls_jumps2_indirect+0x131/0x138 [test_ir_transform] name="kedr_test_calls_jumps2_aux2"
FEXIT name="kedr_test_calls_jumps2_indirect"