FENTRY name="kedr_test_calls_jumps2_jcc_short"
CALL_PRE pc=kedr_test_calls_jumps2_jcc_short+0x6 name="kedr_test_calls_jumps2_aux2"
FENTRY name="kedr_test_calls_jumps2_aux2"
FEXIT name="kedr_test_calls_jumps2_aux2"
CALL_POST pc=kedr_test_calls_jumps2_jcc_short+0x6 name="kedr_test_calls_jumps2_aux2"
FEXIT name="kedr_test_calls_jumps2_jcc_short"
