IR:
Block (type: 2)
0x0: 55

0x1: 89 e5

Block (type: 6)
Barrier of type 1
0x3: 0f ae e8

Block (type: 2)
0x6: 31 c0

0x8: 31 c9

Block (type: 6)
Barrier of type 2
0xa: 0f ae f8

Block (type: 2)
0xd: 31 c0

0xf: 31 c9

Block (type: 6)
Barrier of type 0
0x11: 0f ae f0

Block (type: 2)
0x14: 31 c0

0x16: 31 c9

Block (type: 6)
Barrier of type 0
0x18: e4 37

Block (type: 2)
0x1a: 31 c0

0x1c: 31 c9

Block (type: 6)
Barrier of type 0
0x1e: e5 37

Block (type: 2)
0x20: 31 c0

0x22: 31 c9

Block (type: 6)
Barrier of type 0
0x24: ec

Block (type: 2)
0x25: 31 c0

0x27: 31 c9

Block (type: 6)
Barrier of type 0
0x29: ed

Block (type: 2)
0x2a: 31 c0

0x2c: 31 c9

Block (type: 6)
Barrier of type 0
0x2e: e6 28

Block (type: 2)
0x30: 31 c0

0x32: 31 c9

Block (type: 6)
Barrier of type 0
0x34: e7 28

Block (type: 2)
0x36: 31 c0

0x38: 31 c9

Block (type: 6)
Barrier of type 0
0x3a: ee

Block (type: 2)
0x3b: 31 c0

0x3d: 31 c9

Block (type: 6)
Barrier of type 0
0x3f: ef

Block (type: 2)
0x40: 31 c0

0x42: 31 c9

Block (type: 6)
Barrier of type 0
0x44: 0f 08

Block (type: 2)
0x46: 31 c0

0x48: 31 c9

Block (type: 6)
Barrier of type 0
0x4a: 0f 01 3a

Block (type: 2)
0x4d: 31 c0

0x4f: 31 c9

Block (type: 6)
Barrier of type 0
0x51: 0f 09

Block (type: 2)
0x53: 31 c0

0x55: 31 c9

Block (type: 6)
Barrier of type 0
0x57: 0f 22 d3

Block (type: 2)
0x5a: 0f 20 d0

0x5d: 31 c0

0x5f: 31 c9

Block (type: 6)
Barrier of type 0
0x61: 0f 22 c3

Block (type: 2)
0x64: 0f 20 c0

0x67: 31 c0

0x69: 31 c9

Block (type: 6)
Barrier of type 0
0x6b: 0f 23 c0

Block (type: 2)
0x6e: 0f 21 c1

0x71: 5b

0x72: 5d

Block (type: 12)
0x73: c3

