IR:
Block (type: 3)
Block info:
max_events = 32
read_mask = 0xfffffffb
write_mask = 0x4
string_mask = 0x0
events:
  (0x5, 4)
  (0x7, 4)
  (0xa, 1)
  (0xc, 2)
  (0x11, 4)
  (0x13, 4)
  (0x15, 4)
  (0x17, 4)
  (0x1b, 4)
  (0x1d, 4)
  (0x1f, 4)
  (0x21, 4)
  (0x25, 4)
  (0x27, 4)
  (0x29, 4)
  (0x2b, 4)
  (0x2f, 4)
  (0x31, 4)
  (0x33, 4)
  (0x35, 4)
  (0x39, 4)
  (0x3b, 4)
  (0x3d, 4)
  (0x3f, 4)
  (0x43, 4)
  (0x45, 4)
  (0x47, 4)
  (0x49, 4)
  (0x4d, 4)
  (0x4f, 4)
  (0x51, 4)
  (0x53, 4)
0x0: 55

0x1: 89 e5

0x3: 31 d2

0x5: 03 10

0x7: ff 34 81

0xa: 88 09

0xc: 66 03 01

0xf: 31 c9

0x11: 03 10

0x13: 03 10

0x15: 03 10

0x17: 03 10

0x19: 31 c9

0x1b: 03 10

0x1d: 03 10

0x1f: 03 10

0x21: 03 10

0x23: 31 c9

0x25: 03 10

0x27: 03 10

0x29: 03 10

0x2b: 03 10

0x2d: 31 c9

0x2f: 03 10

0x31: 03 10

0x33: 03 10

0x35: 03 10

0x37: 31 c9

0x39: 03 10

0x3b: 03 10

0x3d: 03 10

0x3f: 03 10

0x41: 31 c9

0x43: 03 10

0x45: 03 10

0x47: 03 10

0x49: 03 10

0x4b: 31 c9

0x4d: 03 10

0x4f: 03 10

0x51: 03 10

0x53: 03 10

0x55: 31 c9

Block (type: 3)
Block info:
max_events = 31
read_mask = 0x6fffffff
write_mask = 0x10000000
string_mask = 0x0
events:
  (0x57, 4)
  (0x59, 4)
  (0x5b, 4)
  (0x5d, 4)
  (0x61, 4)
  (0x63, 4)
  (0x65, 4)
  (0x67, 4)
  (0x6b, 4)
  (0x6d, 4)
  (0x6f, 4)
  (0x71, 4)
  (0x75, 4)
  (0x77, 4)
  (0x79, 4)
  (0x7b, 4)
  (0x7f, 4)
  (0x81, 4)
  (0x83, 4)
  (0x85, 4)
  (0x89, 4)
  (0x8b, 4)
  (0x8d, 4)
  (0x8f, 4)
  (0x93, 4)
  (0x95, 4)
  (0x97, 4)
  (0x99, 4)
  (0x9d, 4)
  (0x9f, 4)
  (0xa1, 4)
0x57: 03 10

0x59: 03 10

0x5b: 03 10

0x5d: 03 10

0x5f: 31 c9

0x61: 03 10

0x63: 03 10

0x65: 03 10

0x67: 03 10

0x69: 31 c9

0x6b: 03 10

0x6d: 03 10

0x6f: 03 10

0x71: 03 10

0x73: 31 c9

0x75: 03 10

0x77: 03 10

0x79: 03 10

0x7b: 03 10

0x7d: 31 c9

0x7f: 03 10

0x81: 03 10

0x83: 03 10

0x85: 03 10

0x87: 31 c9

0x89: 03 10

0x8b: 03 10

0x8d: 03 10

0x8f: 03 10

0x91: 31 c9

0x93: 03 10

0x95: 03 10

0x97: 03 10

0x99: 03 10

0x9b: 31 c9

0x9d: 8f 02

0x9f: 03 10

0xa1: 03 10

Block (type: 3)
Block info:
max_events = 28
read_mask = 0xffffffb
write_mask = 0x4
string_mask = 0x5
events:
  (0xa3, 1)
  (0xa7, 4)
  (0xa9, 2)
  (0xae, 4)
  (0xb0, 4)
  (0xb2, 4)
  (0xb4, 4)
  (0xb8, 4)
  (0xba, 4)
  (0xbc, 4)
  (0xbe, 4)
  (0xc2, 4)
  (0xc4, 4)
  (0xc6, 4)
  (0xc8, 4)
  (0xcc, 4)
  (0xce, 4)
  (0xd0, 4)
  (0xd2, 4)
  (0xd6, 4)
  (0xd8, 4)
  (0xda, 4)
  (0xdc, 4)
  (0xe0, 4)
  (0xe2, 4)
  (0xe4, 4)
  (0xe6, 4)
  (0xe8, 4)
0xa3: f3 ac

0xa5: 31 c9

0xa7: 03 10

0xa9: 66 f3 ab

0xac: 31 c9

0xae: 03 10

0xb0: 03 10

0xb2: 03 10

0xb4: 03 10

0xb6: 31 c9

0xb8: 03 10

0xba: 03 10

0xbc: 03 10

0xbe: 03 10

0xc0: 31 c9

0xc2: 03 10

0xc4: 03 10

0xc6: 03 10

0xc8: 03 10

0xca: 31 c9

0xcc: 03 10

0xce: 03 10

0xd0: 03 10

0xd2: 03 10

0xd4: 31 c9

0xd6: 03 10

0xd8: 03 10

0xda: 03 10

0xdc: 03 10

0xde: 31 c9

0xe0: 03 10

0xe2: 03 10

0xe4: 03 10

0xe6: 03 10

0xe8: 03 10

Block (type: 3)
Block info:
max_events = 5
read_mask = 0xd
write_mask = 0x12
string_mask = 0x1b
events:
  (0xea, 4)
  (0xea, 4)
  (0xeb, 4)
  (0xed, 4)
  (0xed, 4)
0xea: a5

0xeb: 03 10

0xed: a5

0xee: 5b

0xef: 5d

Block (type: 12)
0xf0: c3

