IR:
0xadded: 50

0xadded: 48 b8 00 00 00 00 00 00 00 00

0xadded: 48 83 ec 38

0xadded: 48 89 04 24

0xadded: 48 89 7c 24 08

0xadded: 48 89 74 24 10

0xadded: 48 89 54 24 18

0xadded: 48 89 4c 24 20

0xadded: 4c 89 44 24 28

0xadded: 4c 89 4c 24 30

0xadded: 48 89 e0

0xadded: e8 00 00 00 00

0xadded: 48 83 c4 38

0xadded: 48 85 c0

Jump to 0xadded
0xadded: 0f 85 00 00 00 00

0xadded: 58

0xadded: e9 00 00 00 00

0xadded: 48 89 58 18

0xadded: 48 89 c3

0xadded: 58

Block (type: 2)
0x0: 55

0x1: 57

0x2: 56

Block (type: 7)
0xadded: 48 89 03

Ref. to call_info for the node at 0x3
0xadded: 48 b8 00 00 00 00 00 00 00 00

0xadded: 48 89 83 98 01 00 00

0xadded: 48 89 d8

0x3: e8 00 00 00 00

Block (type: 2)
0x8: 5e

0x9: 5f

0xa: 5d

0xb: 48 31 c0

0xe: 48 85 c0

Block (type: 8)
0xadded: 48 89 03

Ref. to call_info for the node at 0x11
0xadded: 48 b8 00 00 00 00 00 00 00 00

0xadded: 48 89 83 98 01 00 00

0xadded: 48 89 d8

0xadded: 48 8b 58 18

0x11: 0f 84 00 00 00 00

Block (type: 12)
0xadded: 48 89 83 b8 01 00 00

0xadded: 48 89 93 c0 01 00 00

0xadded: 50

0xadded: 48 89 d8

0xadded: 48 8b 58 18

0xadded: e8 00 00 00 00

0xadded: 58

0x17: c3

