IR:
0xadded: 50

0xadded: 48 b8 00 00 00 00 00 00 00 00

0xadded: e8 00 00 00 00

0xadded: 48 85 c0

Jump to 0xadded
0xadded: 0f 85 00 00 00 00

0xadded: 58

0xadded: e9 00 00 00 00

0xadded: 48 89 58 18

0xadded: 48 89 c3

0xadded: 58

Block (type: 2)
Jump to 0x5
0x0: e8 00 00 00 00

0x5: 58

Block (type: 8)
0xadded: 48 89 03

Ref. to call_info for the node at 0x6
0xadded: 48 b8 00 00 00 00 00 00 00 00

0xadded: 48 89 83 98 01 00 00

0xadded: 48 89 d8

0xadded: 48 8b 58 18

0x6: e9 00 00 00 00

