IR:
Block (type: 2)
0x0: 55

0x1: 48 89 e5

0x4: 53

0x5: 48 c7 c0 01 00 00 00

Block (type: 6)
Barrier of type 0
0xc: 0f a2

Block (type: 2)
0xe: 5b

0xf: 5d

Block (type: 12)
0x10: c3

