JTable 0 (referrer at 0xf): 0x16, 0x1b, 0x16, 0x20
JTable 1 (referrer at 0x28): 0x2f, 0x34
JTable 2 (referrer at 0x46): 0x16, 0x34, 0x4d, 0x52

IR:
Block (type: 2)
0x0: 55

0x1: 48 89 e5

0x4: 48 83 ec 10

0x8: 48 31 c9

0xb: 48 8d 14 40

Block (type: 10)
0xf: ff 24 c5 00 00 00 00

Block (type: 2)
0x16: 48 01 d1

Jump to 0x25
0x19: e9 00 00 00 00

Block (type: 2)
0x1b: 48 19 d1

Jump to 0x25
0x1e: e9 00 00 00 00

Block (type: 2)
0x20: 48 29 d1

Jump to 0x25
0x23: e9 00 00 00 00

0x25: 48 85 c9

Block (type: 10)
0x28: ff 24 d5 00 00 00 00

Block (type: 2)
0x2f: 48 11 d1

Jump to 0x37
0x32: e9 00 00 00 00

Block (type: 2)
0x34: 48 11 c1

0x37: 48 85 c9

Jump to 0x43
0x3a: 0f 84 00 00 00 00

Block (type: 11)
0x3c: ff 24 c5 00 00 00 00

Block (type: 2)
0x43: 48 ff c8

Block (type: 10)
0x46: ff 24 c5 00 00 00 00

Block (type: 2)
0x4d: 48 29 d1

Jump to 0x55
0x50: e9 00 00 00 00

Block (type: 2)
0x52: 48 11 d1

0x55: 48 89 c8

0x58: 48 83 c4 10

0x5c: 5d

Block (type: 12)
0x5d: c3

