IR:
Block (type: 3)
Block info:
Function difference: 0
max_events = 32
read_mask = 0xfffffffb
write_mask = 0x4
string_mask = 0x0
events:
  (0x7, 8)
  (0xa, 8)
  (0xd, 1)
  (0xf, 2)
  (0x15, 8)
  (0x18, 8)
  (0x1b, 8)
  (0x1e, 8)
  (0x24, 8)
  (0x27, 8)
  (0x2a, 8)
  (0x2d, 8)
  (0x33, 8)
  (0x36, 8)
  (0x39, 8)
  (0x3c, 8)
  (0x42, 8)
  (0x45, 8)
  (0x48, 8)
  (0x4b, 8)
  (0x51, 8)
  (0x54, 8)
  (0x57, 8)
  (0x5a, 8)
  (0x60, 8)
  (0x63, 8)
  (0x66, 8)
  (0x69, 8)
  (0x6f, 8)
  (0x72, 8)
  (0x75, 8)
  (0x78, 8)
0x0: 55

0x1: 48 89 e5

0x4: 48 31 d2

0x7: 48 03 10

0xa: ff 34 c1

0xd: 88 09

0xf: 66 03 01

0x12: 48 31 c9

0x15: 48 03 10

0x18: 48 03 10

0x1b: 48 03 10

0x1e: 48 03 10

0x21: 48 31 c9

0x24: 48 03 10

0x27: 48 03 10

0x2a: 48 03 10

0x2d: 48 03 10

0x30: 48 31 c9

0x33: 48 03 10

0x36: 48 03 10

0x39: 48 03 10

0x3c: 48 03 10

0x3f: 48 31 c9

0x42: 48 03 10

0x45: 48 03 10

0x48: 48 03 10

0x4b: 48 03 10

0x4e: 48 31 c9

0x51: 48 03 10

0x54: 48 03 10

0x57: 48 03 10

0x5a: 48 03 10

0x5d: 48 31 c9

0x60: 48 03 10

0x63: 48 03 10

0x66: 48 03 10

0x69: 48 03 10

0x6c: 48 31 c9

0x6f: 48 03 10

0x72: 48 03 10

0x75: 48 03 10

0x78: 48 03 10

0x7b: 48 31 c9

Block (type: 3)
Block info:
Function difference: 0
max_events = 31
read_mask = 0x6fffffff
write_mask = 0x10000000
string_mask = 0x0
events:
  (0x7e, 8)
  (0x81, 8)
  (0x84, 8)
  (0x87, 8)
  (0x8d, 8)
  (0x90, 8)
  (0x93, 8)
  (0x96, 8)
  (0x9c, 8)
  (0x9f, 8)
  (0xa2, 8)
  (0xa5, 8)
  (0xab, 8)
  (0xae, 8)
  (0xb1, 8)
  (0xb4, 8)
  (0xba, 8)
  (0xbd, 8)
  (0xc0, 8)
  (0xc3, 8)
  (0xc9, 8)
  (0xcc, 8)
  (0xcf, 8)
  (0xd2, 8)
  (0xd8, 8)
  (0xdb, 8)
  (0xde, 8)
  (0xe1, 8)
  (0xe7, 8)
  (0xe9, 8)
  (0xec, 8)
0x7e: 48 03 10

0x81: 48 03 10

0x84: 48 03 10

0x87: 48 03 10

0x8a: 48 31 c9

0x8d: 48 03 10

0x90: 48 03 10

0x93: 48 03 10

0x96: 48 03 10

0x99: 48 31 c9

0x9c: 48 03 10

0x9f: 48 03 10

0xa2: 48 03 10

0xa5: 48 03 10

0xa8: 48 31 c9

0xab: 48 03 10

0xae: 48 03 10

0xb1: 48 03 10

0xb4: 48 03 10

0xb7: 48 31 c9

0xba: 48 03 10

0xbd: 48 03 10

0xc0: 48 03 10

0xc3: 48 03 10

0xc6: 48 31 c9

0xc9: 48 03 10

0xcc: 48 03 10

0xcf: 48 03 10

0xd2: 48 03 10

0xd5: 48 31 c9

0xd8: 48 03 10

0xdb: 48 03 10

0xde: 48 03 10

0xe1: 48 03 10

0xe4: 48 31 c9

0xe7: 8f 02

0xe9: 48 03 10

0xec: 48 03 10

Block (type: 3)
Block info:
Function difference: 0
max_events = 28
read_mask = 0xffffffb
write_mask = 0x4
string_mask = 0x5
events:
  (0xef, 1)
  (0xf4, 8)
  (0xf7, 2)
  (0xfd, 8)
  (0x100, 8)
  (0x103, 8)
  (0x106, 8)
  (0x10c, 8)
  (0x10f, 8)
  (0x112, 8)
  (0x115, 8)
  (0x11b, 8)
  (0x11e, 8)
  (0x121, 8)
  (0x124, 8)
  (0x12a, 8)
  (0x12d, 8)
  (0x130, 8)
  (0x133, 8)
  (0x139, 8)
  (0x13c, 8)
  (0x13f, 8)
  (0x142, 8)
  (0x148, 8)
  (0x14b, 8)
  (0x14e, 8)
  (0x151, 8)
  (0x154, 8)
0xef: f3 ac

0xf1: 48 31 c9

0xf4: 48 03 10

0xf7: 66 f3 ab

0xfa: 48 31 c9

0xfd: 48 03 10

0x100: 48 03 10

0x103: 48 03 10

0x106: 48 03 10

0x109: 48 31 c9

0x10c: 48 03 10

0x10f: 48 03 10

0x112: 48 03 10

0x115: 48 03 10

0x118: 48 31 c9

0x11b: 48 03 10

0x11e: 48 03 10

0x121: 48 03 10

0x124: 48 03 10

0x127: 48 31 c9

0x12a: 48 03 10

0x12d: 48 03 10

0x130: 48 03 10

0x133: 48 03 10

0x136: 48 31 c9

0x139: 48 03 10

0x13c: 48 03 10

0x13f: 48 03 10

0x142: 48 03 10

0x145: 48 31 c9

0x148: 48 03 10

0x14b: 48 03 10

0x14e: 48 03 10

0x151: 48 03 10

0x154: 48 03 10

Block (type: 3)
Block info:
Function difference: 0
max_events = 5
read_mask = 0xd
write_mask = 0x12
string_mask = 0x1b
events:
  (0x157, 8)
  (0x157, 8)
  (0x159, 8)
  (0x15c, 4)
  (0x15c, 4)
0x157: 48 a5

0x159: 48 03 10

0x15c: a5

0x15d: 5b

0x15e: 5d

Block (type: 12)
0x15f: c3

