FENTRY name="kedr_test_calls_jumps2_indirect"
CALL_PRE pc=kedr_test_calls_jumps2_indirect+0x28 name="kedr_test_calls_jumps2_aux1"
FENTRY name="kedr_test_calls_jumps2_aux1"
FEXIT name="kedr_test_calls_jumps2_aux1"
CALL_POST pc=kedr_test_calls_jumps2_indirect+0x28 name="kedr_test_calls_jumps2_aux1"
CALL_PRE pc=kedr_test_calls_jumps2_indirect+0x2f name="kedr_test_calls_jumps2_aux1"
FENTRY name="kedr_test_calls_jumps2_aux1"
FEXIT name="kedr_test_calls_jumps2_aux1"
CALL_POST pc=kedr_test_calls_jumps2_indirect+0x2f name="kedr_test_calls_jumps2_aux1"
CALL_PRE pc=kedr_test_calls_jumps2_indirect+0x35 name="kedr_test_calls_jumps2_aux1"
FENTRY name="kedr_test_calls_jumps2_aux1"
FEXIT name="kedr_test_calls_jumps2_aux1"
CALL_POST pc=kedr_test_calls_jumps2_indirect+0x35 name="kedr_test_calls_jumps2_aux1"
CALL_PRE pc=kedr_test_calls_jumps2_indirect+0x5b name="kedr_test_calls_jumps2_aux2"
FENTRY name="kedr_test_calls_jumps2_aux2"
FEXIT name="kedr_test_calls_jumps2_aux2"
CALL_POST pc=kedr_test_calls_jumps2_indirect+0x5b name="kedr_test_calls_jumps2_aux2"
FEXIT name="kedr_test_calls_jumps2_indirect"