FENTRY name="kedr_test_calls_jumps2_rel32"
CALL_PRE pc=kedr_test_calls_jumps2_rel32+0x3/0x18 [test_ir_transform] name="kedr_test_calls_jumps2_aux1"
FENTRY name="kedr_test_calls_jumps2_aux1"
FEXIT name="kedr_test_calls_jumps2_aux1"
CALL_POST pc=kedr_test_calls_jumps2_rel32+0x3/0x18 [test_ir_transform] name="kedr_test_calls_jumps2_aux1"
CALL_PRE pc=kedr_test_calls_jumps2_rel32+0x13/0x18 [test_ir_transform] name="kedr_test_calls_jumps2_aux2"
FENTRY name="kedr_test_calls_jumps2_aux2"
FEXIT name="kedr_test_calls_jumps2_aux2"
CALL_POST pc=kedr_test_calls_jumps2_rel32+0x13/0x18 [test_ir_transform] name="kedr_test_calls_jumps2_aux2"
FEXIT name="kedr_test_calls_jumps2_rel32"
