FENTRY name="kedr_test_strings"
READ pc=kedr_test_strings+0x2 addr=kedr_test_strings01+0x0 size=2
READ pc=kedr_test_strings+0x26 addr=kedr_test_strings01+0x0 size=40
WRITE pc=kedr_test_strings+0x26 addr=kedr_test_strings03+0x0 size=40
CALL_PRE pc=kedr_test_strings+0x28 name="kedr_test_strings_aux"
CALL_POST pc=kedr_test_strings+0x28 name="kedr_test_strings_aux"
READ pc=kedr_test_strings+0x4b addr=kedr_test_strings01+0x0 size=16
READ pc=kedr_test_strings+0x4b addr=kedr_test_strings03+0x0 size=16
READ pc=kedr_test_strings+0x69 addr=kedr_test_strings01+0x0 size=2
WRITE pc=kedr_test_strings+0x6b addr=kedr_test_strings03+0x0 size=1
READ pc=kedr_test_strings+0x6c addr=kedr_test_strings02+0x0 size=8
READ pc=kedr_test_strings+0x76 addr=kedr_test_strings03+0x1 size=8
FEXIT name="kedr_test_strings"
