FENTRY name="kedr_test_stack_on_jmp"
CALL_PRE pc=kedr_test_stack_on_jmp+0x12 name="kedr_test_stack_aux1"
FENTRY name="kedr_test_stack_aux1"
CALL_PRE pc=kedr_test_stack_aux1+0xc name="kedr_test_stack_func"
FENTRY name="kedr_test_stack_func"
FEXIT name="kedr_test_stack_func"
CALL_POST pc=kedr_test_stack_aux1+0xc name="kedr_test_stack_func"
FEXIT name="kedr_test_stack_aux1"
CALL_POST pc=kedr_test_stack_on_jmp+0x12 name="kedr_test_stack_aux1"
FEXIT name="kedr_test_stack_on_jmp"
