IR:
0xadded: 50

0xadded: b8 00 00 00 00

0xadded: e8 00 00 00 00

0xadded: 85 c0

Jump to 0xadded
0xadded: 0f 85 00 00 00 00

0xadded: 58

0xadded: e9 00 00 00 00

0xadded: 89 78 1c

0xadded: 89 c7

0xadded: 58

Block (type: 3)
0x0: 53

0x1: 55

0xadded: 89 07

0xadded: 89 f8

0xadded: 8b 78 1c

0x2: 57

0xadded: 89 78 1c

0xadded: 89 c7

0xadded: 8b 07

0x3: 45

0x4: 43

0x5: 45

0x6: 43

0x7: 45

0x8: 43

0x9: 89 f3

0xb: be 00 00 00 00

0xadded: 89 4f 04

0xadded: 89 f1

0x10: ac

0xadded: 89 07

0xadded: 9c

0xadded: 89 f0

0xadded: 29 c8

Jump to 0xadded
0xadded: 0f 84 00 00 00 00

Jump to 0xadded
0xadded: 0f 87 00 00 00 00

0xadded: 89 f1

0xadded: 83 c1 01

0xadded: f7 d8

0xadded: 89 4f 20

0xadded: 89 47 24

0xadded: 9d

0xadded: 8b 07

0xadded: 8b 4f 04

0x11: 89 de

0x13: 4d

0xadded: 89 07

0xadded: 89 f8

0xadded: 8b 78 1c

0x14: 47

0xadded: 89 78 1c

0xadded: 89 c7

0xadded: 8b 07

0xadded: 89 07

0xadded: 89 f8

0xadded: 8b 78 1c

0x15: 4f

0xadded: 89 78 1c

0xadded: 89 c7

0xadded: 8b 07

0xadded: 89 07

0xadded: 89 f8

0xadded: 8b 78 1c

0x16: 31 ff

0xadded: 89 78 1c

0xadded: 89 c7

0xadded: 8b 07

0xadded: 89 07

0xadded: 89 f8

0xadded: 8b 78 1c

0x18: 5f

0xadded: 89 78 1c

0xadded: 89 c7

0xadded: 8b 07

0x19: 5d

0x1a: 5b

Block (type: 12)
0xadded: 50

0xadded: 89 f8

0xadded: 8b 78 1c

0xadded: e8 00 00 00 00

0xadded: 58

0x1b: c3

