IR:
0xadded: 50

0xadded: b8 00 00 00 00

0xadded: 83 ec 0c

0xadded: 89 04 24

0xadded: 89 54 24 04

0xadded: 89 4c 24 08

0xadded: 89 e0

0xadded: e8 00 00 00 00

0xadded: 83 c4 0c

0xadded: 85 c0

Jump to 0xadded
0xadded: 0f 85 00 00 00 00

0xadded: 58

0xadded: e9 00 00 00 00

0xadded: 89 70 18

0xadded: 89 c6

0xadded: 58

Block (type: 3)
0x0: 53

0x1: 55

0xadded: 89 06

0xadded: 89 f0

0xadded: 8b 70 18

0x2: 56

0xadded: 89 70 18

0xadded: 89 c6

0xadded: 8b 06

0x3: 45

0x4: 43

0x5: 45

0x6: 43

0x7: 45

0x8: 43

0x9: 89 fb

0xb: bf 00 00 00 00

0xadded: 89 4e 04

0xadded: 89 f9

0x10: aa

0xadded: 89 06

0xadded: 9c

0xadded: 89 f8

0xadded: 29 c8

Jump to 0xadded
0xadded: 0f 84 00 00 00 00

Jump to 0xadded
0xadded: 0f 87 00 00 00 00

0xadded: 89 f9

0xadded: 83 c1 01

0xadded: f7 d8

0xadded: 89 4e 20

0xadded: 89 46 24

0xadded: 9d

0xadded: 8b 06

0xadded: 8b 4e 04

0x11: 89 df

0x13: 4d

0xadded: 89 06

0xadded: 89 f0

0xadded: 8b 70 18

0x14: 46

0xadded: 89 70 18

0xadded: 89 c6

0xadded: 8b 06

0xadded: 89 06

0xadded: 89 f0

0xadded: 8b 70 18

0x15: 4e

0xadded: 89 70 18

0xadded: 89 c6

0xadded: 8b 06

0xadded: 89 06

0xadded: 89 f0

0xadded: 8b 70 18

0x16: 31 f6

0xadded: 89 70 18

0xadded: 89 c6

0xadded: 8b 06

0xadded: 89 06

0xadded: 89 f0

0xadded: 8b 70 18

0x18: 5e

0xadded: 89 70 18

0xadded: 89 c6

0xadded: 8b 06

0x19: 5d

0x1a: 5b

Block (type: 12)
0xadded: 89 86 c4 00 00 00

0xadded: 89 96 c8 00 00 00

0xadded: 50

0xadded: 89 f0

0xadded: 8b 70 18

0xadded: e8 00 00 00 00

0xadded: 58

0x1b: c3

