IR:
0xadded: 50

0xadded: b8 00 00 00 00

0xadded: 83 ec 0c

0xadded: 89 04 24

0xadded: 89 54 24 04

0xadded: 89 4c 24 08

0xadded: 89 e0

0xadded: e8 00 00 00 00

0xadded: 83 c4 0c

0xadded: 85 c0

Jump to 0xadded
0xadded: 0f 85 00 00 00 00

0xadded: 58

0xadded: e9 00 00 00 00

0xadded: 89 58 0c

0xadded: 89 c3

0xadded: 58

0xadded: 89 03

0xadded: 89 d8

0xadded: 8b 58 0c

Block (type: 3)
0xadded: 89 03

0xadded: 89 d8

0xadded: 8b 58 0c

0x0: 53

0xadded: 89 58 0c

0xadded: 89 c3

0xadded: 8b 03

0x1: 55

0xadded: 89 03

0xadded: 89 d8

0xadded: 8b 58 0c

0x2: 89 f3

0xadded: 89 58 0c

0xadded: 89 c3

0xadded: 8b 03

0x4: 89 fd

0x6: be 00 00 00 00

0xb: bf 00 00 00 00

0xadded: 89 4b 04

0xadded: 89 f1

0x10: ac

0xadded: 89 03

0xadded: 9c

0xadded: 89 f0

0xadded: 29 c8

Jump to 0xadded
0xadded: 0f 84 00 00 00 00

Jump to 0xadded
0xadded: 0f 87 00 00 00 00

0xadded: 89 f1

0xadded: 83 c1 01

0xadded: f7 d8

0xadded: 89 4b 20

0xadded: 89 43 24

0xadded: 9d

0xadded: 8b 03

0xadded: 8b 4b 04

0xadded: 89 4b 04

0xadded: 89 f9

0x11: aa

0xadded: 89 03

0xadded: 9c

0xadded: 89 f8

0xadded: 29 c8

Jump to 0xadded
0xadded: 0f 84 00 00 00 00

Jump to 0xadded
0xadded: 0f 87 00 00 00 00

0xadded: 89 f9

0xadded: 83 c1 01

0xadded: f7 d8

0xadded: 89 4b 28

0xadded: 89 43 2c

0xadded: 9d

0xadded: 8b 03

0xadded: 8b 4b 04

0x12: 89 ef

0xadded: 89 03

0xadded: 89 d8

0xadded: 8b 58 0c

0x14: 89 de

0xadded: 89 58 0c

0xadded: 89 c3

0xadded: 8b 03

0xadded: 89 03

0xadded: 89 d8

0xadded: 8b 58 0c

0x16: 43

0xadded: 89 58 0c

0xadded: 89 c3

0xadded: 8b 03

0x17: 45

0x18: 5d

0xadded: 89 03

0xadded: 89 d8

0xadded: 8b 58 0c

0x19: 5b

0xadded: 89 58 0c

0xadded: 89 c3

0xadded: 8b 03

Block (type: 12)
0xadded: 89 83 bc 00 00 00

0xadded: 89 93 c0 00 00 00

0xadded: 50

0xadded: 89 d8

0xadded: 8b 58 0c

0xadded: e8 00 00 00 00

0xadded: 58

0x1a: c3

