IR:
0xadded: 50

0xadded: b8 00 00 00 00

0xadded: e8 00 00 00 00

0xadded: 85 c0

Jump to 0xadded
0xadded: 0f 85 00 00 00 00

0xadded: 58

0xadded: e9 00 00 00 00

0xadded: 89 58 0c

0xadded: 89 c3

0xadded: 58

Block (type: 2)
0x0: 31 c0

0x2: 85 c0

Block (type: 8)
0xadded: 89 43 00

Ref. to call_info for the node at 0x4
0xadded: c7 83 ac 00 00 00 00 00 00 00

0xadded: 89 d8

0xadded: 8b 58 0c

0x4: 0f 84 00 00 00 00

Block (type: 12)
0xadded: 50

0xadded: 89 d8

0xadded: 8b 58 0c

0xadded: e8 00 00 00 00

0xadded: 58

0x6: c3

