IR:
0xadded: 50

0xadded: b8 00 00 00 00

0xadded: 83 ec 0c

0xadded: 89 04 24

0xadded: 89 54 24 04

0xadded: 89 4c 24 08

0xadded: 89 e0

0xadded: e8 00 00 00 00

0xadded: 83 c4 0c

0xadded: 85 c0

Jump to 0xadded
0xadded: 0f 85 00 00 00 00

0xadded: 58

0xadded: e9 00 00 00 00

0xadded: 89 58 0c

0xadded: 89 c3

0xadded: 58

Block (type: 2)
0x0: 55

0x1: 89 e5

0x3: b9 00 00 00 00

Block (type: 5)
0xadded: 50

Ref. to block_info for the block at 0x8
0xadded: c7 83 ac 00 00 00 00 00 00 00

0xadded: 89 d8

0xadded: e8 00 00 00 00

0xadded: 58

0xadded: 89 03

0xadded: 89 f8

0x8: f3 6c

0xadded: 89 4b 04

0xadded: 9c

0xadded: 89 f9

0xadded: 29 c1

Jump to 0xadded
0xadded: 0f 84 00 00 00 00

Jump to 0xadded
0xadded: 0f 87 00 00 00 00

0xadded: 89 f8

0xadded: 83 c0 01

0xadded: f7 d9

0xadded: 89 43 20

0xadded: 89 4b 24

0xadded: 9d

0xadded: 8b 4b 04

0xadded: 8b 03

0xadded: 50

0xadded: 89 d8

0xadded: e8 00 00 00 00

0xadded: 58

Block (type: 2)
0xa: 31 c9

0xc: 31 c0

Block (type: 5)
0xadded: 50

Ref. to block_info for the block at 0xe
0xadded: c7 83 ac 00 00 00 00 00 00 00

0xadded: 89 d8

0xadded: e8 00 00 00 00

0xadded: 58

0xadded: 89 03

0xadded: 89 f8

0xe: 66 6d

0xadded: 89 4b 04

0xadded: 9c

0xadded: 89 f9

0xadded: 29 c1

Jump to 0xadded
0xadded: 0f 84 00 00 00 00

Jump to 0xadded
0xadded: 0f 87 00 00 00 00

0xadded: 89 f8

0xadded: 83 c0 02

0xadded: f7 d9

0xadded: 89 43 20

0xadded: 89 4b 24

0xadded: 9d

0xadded: 8b 4b 04

0xadded: 8b 03

0xadded: 50

0xadded: 89 d8

0xadded: e8 00 00 00 00

0xadded: 58

Block (type: 2)
0x10: 31 c9

0x12: 31 c0

Block (type: 5)
0xadded: 50

Ref. to block_info for the block at 0x14
0xadded: c7 83 ac 00 00 00 00 00 00 00

0xadded: 89 d8

0xadded: e8 00 00 00 00

0xadded: 58

0xadded: 89 03

0xadded: 89 f8

0x14: 6d

0xadded: 89 4b 04

0xadded: 9c

0xadded: 89 f9

0xadded: 29 c1

Jump to 0xadded
0xadded: 0f 84 00 00 00 00

Jump to 0xadded
0xadded: 0f 87 00 00 00 00

0xadded: 89 f8

0xadded: 83 c0 04

0xadded: f7 d9

0xadded: 89 43 20

0xadded: 89 4b 24

0xadded: 9d

0xadded: 8b 4b 04

0xadded: 8b 03

0xadded: 50

0xadded: 89 d8

0xadded: e8 00 00 00 00

0xadded: 58

Block (type: 2)
0x15: 31 c9

0x17: 31 c0

0x19: b9 00 00 00 00

Block (type: 5)
0xadded: 50

Ref. to block_info for the block at 0x1e
0xadded: c7 83 ac 00 00 00 00 00 00 00

0xadded: 89 d8

0xadded: e8 00 00 00 00

0xadded: 58

0xadded: 89 03

0xadded: 89 f0

0x1e: f3 6e

0xadded: 89 4b 04

0xadded: 9c

0xadded: 89 f1

0xadded: 29 c1

Jump to 0xadded
0xadded: 0f 84 00 00 00 00

Jump to 0xadded
0xadded: 0f 87 00 00 00 00

0xadded: 89 f0

0xadded: 83 c0 01

0xadded: f7 d9

0xadded: 89 43 20

0xadded: 89 4b 24

0xadded: 9d

0xadded: 8b 4b 04

0xadded: 8b 03

0xadded: 50

0xadded: 89 d8

0xadded: e8 00 00 00 00

0xadded: 58

Block (type: 2)
0x20: 31 c9

0x22: 31 c0

Block (type: 5)
0xadded: 50

Ref. to block_info for the block at 0x24
0xadded: c7 83 ac 00 00 00 00 00 00 00

0xadded: 89 d8

0xadded: e8 00 00 00 00

0xadded: 58

0xadded: 89 03

0xadded: 89 f0

0x24: 66 6f

0xadded: 89 4b 04

0xadded: 9c

0xadded: 89 f1

0xadded: 29 c1

Jump to 0xadded
0xadded: 0f 84 00 00 00 00

Jump to 0xadded
0xadded: 0f 87 00 00 00 00

0xadded: 89 f0

0xadded: 83 c0 02

0xadded: f7 d9

0xadded: 89 43 20

0xadded: 89 4b 24

0xadded: 9d

0xadded: 8b 4b 04

0xadded: 8b 03

0xadded: 50

0xadded: 89 d8

0xadded: e8 00 00 00 00

0xadded: 58

Block (type: 2)
0x26: 31 c9

0x28: 31 c0

Block (type: 5)
0xadded: 50

Ref. to block_info for the block at 0x2a
0xadded: c7 83 ac 00 00 00 00 00 00 00

0xadded: 89 d8

0xadded: e8 00 00 00 00

0xadded: 58

0xadded: 89 03

0xadded: 89 f0

0x2a: 6f

0xadded: 89 4b 04

0xadded: 9c

0xadded: 89 f1

0xadded: 29 c1

Jump to 0xadded
0xadded: 0f 84 00 00 00 00

Jump to 0xadded
0xadded: 0f 87 00 00 00 00

0xadded: 89 f0

0xadded: 83 c0 04

0xadded: f7 d9

0xadded: 89 43 20

0xadded: 89 4b 24

0xadded: 9d

0xadded: 8b 4b 04

0xadded: 8b 03

0xadded: 50

0xadded: 89 d8

0xadded: e8 00 00 00 00

0xadded: 58

Block (type: 2)
0x2b: 5d

Block (type: 12)
0xadded: 89 83 c4 00 00 00

0xadded: 89 93 c8 00 00 00

0xadded: 50

0xadded: 89 d8

0xadded: 8b 58 0c

0xadded: e8 00 00 00 00

0xadded: 58

0x2c: c3

