IR:
0xadded: 50

0xadded: b8 00 00 00 00

0xadded: 83 ec 0c

0xadded: 89 04 24

0xadded: 89 54 24 04

0xadded: 89 4c 24 08

0xadded: 89 e0

0xadded: e8 00 00 00 00

0xadded: 83 c4 0c

0xadded: 85 c0

Jump to 0xadded
0xadded: 0f 85 00 00 00 00

0xadded: 58

0xadded: e9 00 00 00 00

0xadded: 89 58 0c

0xadded: 89 c3

0xadded: 58

Block (type: 3)
0x0: 55

0x1: 89 e5

0xadded: 89 03

0xadded: 89 d8

0xadded: 8b 58 0c

0x3: 53

0xadded: 89 58 0c

0xadded: 89 c3

0xadded: 8b 03

0x4: 89 e8

0x6: 89 c5

0x8: 89 e8

0xa: 89 c5

0xc: 89 f0

0xe: 89 c6

0x10: 89 f0

0x12: 89 c6

0x14: 89 f0

0x16: 89 c6

0x18: 89 f0

0x1a: 89 c6

0x1c: 89 f8

0x1e: 89 c7

0x20: 89 f8

0x22: 89 c7

0x24: 89 f8

0x26: 89 c7

0x28: 89 f8

0x2a: 89 c7

0xadded: 89 03

0xadded: 89 d8

0xadded: 8b 58 0c

0x2c: bb 00 00 00 00

0xadded: 89 58 0c

0xadded: 89 c3

0xadded: 8b 03

0x31: b0 02

0xadded: 89 03

0xadded: 0f b6 c0

0xadded: 9c

0xadded: 03 43 0c

0xadded: 9d

0xadded: 89 43 20

0xadded: 8b 03

0xadded: 89 4b 04

0xadded: 89 d9

0xadded: 8b 59 0c

0x33: d7

0xadded: 89 59 0c

0xadded: 89 cb

0xadded: 8b 4b 04

0xadded: 89 03

0xadded: 89 d8

0xadded: 8b 58 0c

0x34: 5b

0xadded: 89 58 0c

0xadded: 89 c3

0xadded: 8b 03

0x35: 5d

Block (type: 12)
0xadded: 89 83 c4 00 00 00

0xadded: 89 93 c8 00 00 00

0xadded: 50

0xadded: 89 d8

0xadded: 8b 58 0c

0xadded: e8 00 00 00 00

0xadded: 58

0x36: c3

